2026-07-27T20:15:45.035309Z  INFO herdr::logging: herdr starting event="app.startup" subsystem="client" outcome="started" pid=1775120
2026-07-27T20:15:45.035399Z  INFO herdr::client: connecting to server path=/home/loops/.config/herdr/herdr-client.sock
2026-07-27T20:15:45.268129Z  INFO herdr::client: handshake succeeded version=17 encoding=SemanticFrame
2026-07-30T18:44:24.816335Z  INFO herdr::logging: herdr starting event="app.startup" subsystem="client" outcome="started" pid=34493
2026-07-30T18:44:24.816681Z  INFO herdr::client: connecting to server path=/home/loops/.config/herdr/herdr-client.sock
2026-07-30T18:44:24.880160Z  INFO herdr::client: handshake succeeded version=17 encoding=SemanticFrame
2026-07-30T20:29:01.599325Z  INFO herdr::logging: herdr starting event="app.startup" subsystem="client" outcome="started" pid=136934
2026-07-30T20:29:01.600683Z  INFO herdr::client: connecting to server path=/home/loops/.config/herdr/herdr-client.sock
2026-07-30T20:29:01.851595Z  INFO herdr::client: handshake succeeded version=17 encoding=SemanticFrame
2026-08-01T12:21:40.333724Z  INFO herdr::logging: herdr starting event="app.startup" subsystem="client" outcome="started" pid=6742
2026-08-01T12:21:40.333945Z  INFO herdr::client: connecting to server path=/home/loops/.config/herdr/herdr-client.sock
2026-08-01T12:21:40.392917Z  INFO herdr::client: handshake succeeded version=17 encoding=SemanticFrame
2026-08-01T18:53:34.128219Z  INFO herdr::logging: herdr starting event="app.startup" subsystem="client" outcome="started" pid=4541
2026-08-01T18:53:34.128582Z  INFO herdr::client: connecting to server path=/home/loops/.config/herdr/herdr-client.sock
2026-08-01T18:53:34.204519Z  INFO herdr::client: handshake succeeded version=17 encoding=SemanticFrame
2026-08-02T12:28:44.429042Z  INFO herdr::logging: herdr starting event="app.startup" subsystem="client" outcome="started" pid=2978
2026-08-02T12:28:44.429258Z  INFO herdr::client: connecting to server path=/home/loops/.config/herdr/herdr-client.sock
2026-08-02T12:28:44.439715Z  INFO herdr::client: handshake succeeded version=17 encoding=SemanticFrame
2026-08-03T13:40:54.692636Z  INFO herdr::logging: herdr starting event="app.startup" subsystem="client" outcome="started" pid=1829173
2026-08-03T13:40:54.694047Z  INFO herdr::client: connecting to server path=/home/loops/.config/herdr/herdr-client.sock
2026-08-03T13:40:54.702972Z  INFO herdr::client: handshake succeeded version=17 encoding=SemanticFrame
2026-08-03T13:52:04.646188Z  INFO herdr::logging: herdr starting event="app.startup" subsystem="client" outcome="started" pid=1841253
2026-08-03T13:52:04.646244Z  INFO herdr::client: connecting to server path=/home/loops/.config/herdr/herdr-client.sock
2026-08-03T13:52:04.651901Z  INFO herdr::client: handshake succeeded version=17 encoding=SemanticFrame
2026-08-03T14:55:03.884126Z  INFO herdr::logging: herdr starting event="app.startup" subsystem="client" outcome="started" pid=1908476
2026-08-03T14:55:03.885379Z  INFO herdr::client: connecting to server path=/home/loops/.config/herdr/herdr-client.sock
2026-08-03T14:55:03.963454Z  INFO herdr::client: handshake succeeded version=17 encoding=SemanticFrame
2026-08-04T12:41:23.685445Z  INFO herdr::logging: herdr starting event="app.startup" subsystem="client" outcome="started" pid=9239
2026-08-04T12:41:23.685658Z  INFO herdr::client: connecting to server path=/home/loops/.config/herdr/herdr-client.sock
2026-08-04T12:41:23.748731Z  INFO herdr::client: handshake succeeded version=17 encoding=SemanticFrame
2026-08-04T12:41:54.157442Z  INFO herdr::logging: herdr starting event="app.startup" subsystem="client" outcome="started" pid=11509
2026-08-04T12:41:54.157477Z  INFO herdr::client: connecting to server path=/home/loops/.config/herdr/herdr-client.sock
2026-08-04T12:41:54.201046Z  INFO herdr::client: handshake succeeded version=17 encoding=SemanticFrame
2026-08-04T13:08:59.605687Z  INFO herdr::logging: herdr exiting event="app.shutdown" subsystem="client" outcome="completed" pid=9239
2026-08-04T13:09:41.826860Z  INFO herdr::logging: herdr starting event="app.startup" subsystem="client" outcome="started" pid=44521
2026-08-04T13:09:41.826964Z  INFO herdr::client: connecting to server path=/tmp/herdr-remote-44390-aether-default.sock
2026-08-04T13:09:42.154616Z  INFO herdr::client: handshake succeeded version=19 encoding=TerminalAnsi
2026-08-04T13:34:20.908312Z  INFO herdr::logging: herdr exiting event="app.shutdown" subsystem="client" outcome="completed" pid=44521
2026-08-04T13:35:08.692275Z  INFO herdr::logging: herdr starting event="app.startup" subsystem="client" outcome="started" pid=65153
2026-08-04T13:35:08.692312Z  INFO herdr::client: connecting to server path=/home/loops/.config/herdr/herdr-client.sock
2026-08-04T13:35:08.764943Z  INFO herdr::client: handshake succeeded version=19 encoding=SemanticFrame
2026-08-04T13:35:11.788495Z  INFO herdr::logging: herdr exiting event="app.shutdown" subsystem="client" outcome="completed" pid=65153
2026-08-04T13:35:55.776949Z  INFO herdr::logging: herdr starting event="app.startup" subsystem="client" outcome="started" pid=67456
2026-08-04T13:35:55.776995Z  INFO herdr::client: connecting to server path=/tmp/herdr-remote-67369-aether-default.sock
2026-08-04T13:35:56.015546Z  INFO herdr::client: handshake succeeded version=19 encoding=TerminalAnsi
2026-08-04T13:35:59.081064Z  INFO herdr::logging: herdr exiting event="app.shutdown" subsystem="client" outcome="completed" pid=67456
2026-08-04T13:36:02.378151Z  INFO herdr::logging: herdr starting event="app.startup" subsystem="client" outcome="started" pid=67720
2026-08-04T13:36:02.378188Z  INFO herdr::client: connecting to server path=/home/loops/.config/herdr/herdr-client.sock
2026-08-04T13:36:02.548665Z  INFO herdr::client: handshake succeeded version=19 encoding=SemanticFrame
2026-08-04T14:10:26.980572Z  INFO herdr::logging: herdr starting event="app.startup" subsystem="client" outcome="started" pid=107271
2026-08-04T14:10:26.981658Z  INFO herdr::client: connecting to server path=/home/loops/.config/herdr/herdr-client.sock
2026-08-04T14:10:27.003382Z  INFO herdr::client: handshake succeeded version=19 encoding=SemanticFrame
2026-08-04T14:10:30.101241Z  INFO herdr::logging: herdr exiting event="app.shutdown" subsystem="client" outcome="completed" pid=107271
2026-08-04T14:10:34.011509Z  INFO herdr::logging: herdr starting event="app.startup" subsystem="client" outcome="started" pid=107451
2026-08-04T14:10:34.011539Z  INFO herdr::client: connecting to server path=/tmp/herdr-remote-107401-aether-default.sock
2026-08-04T14:10:34.320446Z  INFO herdr::client: handshake succeeded version=19 encoding=TerminalAnsi
2026-08-04T21:57:02.099554Z  INFO herdr::logging: herdr starting event="app.startup" subsystem="client" outcome="started" pid=612876
2026-08-04T21:57:02.100052Z  INFO herdr::client: connecting to server path=/home/loops/.config/herdr/herdr-client.sock
2026-08-04T21:57:02.101932Z  INFO herdr::client: handshake succeeded version=19 encoding=SemanticFrame
2026-08-04T22:11:25.332323Z  INFO herdr::logging: herdr starting event="app.startup" subsystem="client" outcome="started" pid=626766
2026-08-04T22:11:25.332481Z  INFO herdr::client: connecting to server path=/home/loops/.config/herdr/herdr-client.sock
2026-08-04T22:11:25.568472Z  INFO herdr::client: handshake succeeded version=19 encoding=SemanticFrame
2026-08-05T00:00:20.583967Z  INFO herdr::logging: herdr starting event="app.startup" subsystem="client" outcome="started" pid=4466
2026-08-05T00:00:20.584198Z  INFO herdr::client: connecting to server path=/home/loops/.config/herdr/herdr-client.sock
2026-08-05T00:00:20.633930Z  INFO herdr::client: handshake succeeded version=19 encoding=SemanticFrame
2026-08-05T11:46:40.174798Z  INFO herdr::logging: herdr starting event="app.startup" subsystem="client" outcome="started" pid=655755
2026-08-05T11:46:40.174977Z  INFO herdr::client: connecting to server path=/home/loops/.config/herdr/herdr-client.sock
2026-08-05T11:46:40.181610Z  INFO herdr::client: handshake succeeded version=19 encoding=SemanticFrame
2026-08-05T11:46:46.123771Z  INFO herdr::logging: herdr exiting event="app.shutdown" subsystem="client" outcome="completed" pid=655755
2026-08-05T11:46:49.000268Z  INFO herdr::logging: herdr starting event="app.startup" subsystem="client" outcome="started" pid=656866
2026-08-05T11:46:49.000307Z  INFO herdr::client: connecting to server path=/tmp/herdr-remote-656848-aether-default.sock
2026-08-05T11:46:49.164268Z  INFO herdr::client: handshake succeeded version=19 encoding=TerminalAnsi
2026-08-06T23:25:34.927120Z  INFO herdr::logging: herdr starting event="app.startup" subsystem="client" outcome="started" pid=2879161
2026-08-06T23:25:34.928319Z  INFO herdr::client: connecting to server path=/home/loops/.config/herdr/herdr-client.sock
2026-08-06T23:25:35.110458Z  INFO herdr::client: handshake succeeded version=19 encoding=SemanticFrame
2026-08-06T23:25:38.574986Z  INFO herdr::logging: herdr exiting event="app.shutdown" subsystem="client" outcome="completed" pid=2879161
2026-08-06T23:25:42.294057Z  INFO herdr::logging: herdr starting event="app.startup" subsystem="client" outcome="started" pid=2879651
2026-08-06T23:25:42.294123Z  INFO herdr::client: connecting to server path=/tmp/herdr-remote-2879620-aether-default.sock
2026-08-06T23:25:42.413270Z  INFO herdr::client: handshake succeeded version=19 encoding=TerminalAnsi
2026-08-07T12:11:55.754333Z  INFO herdr::logging: herdr starting event="app.startup" subsystem="client" outcome="started" pid=9620
2026-08-07T12:11:55.754580Z  INFO herdr::client: connecting to server path=/home/loops/.config/herdr/herdr-client.sock
2026-08-07T12:11:55.825977Z  INFO herdr::client: handshake succeeded version=19 encoding=SemanticFrame
2026-08-07T13:06:44.657290Z  INFO herdr::logging: herdr starting event="app.startup" subsystem="client" outcome="started" pid=59131
2026-08-07T13:06:44.657322Z  INFO herdr::client: connecting to server path=/home/loops/.config/herdr/herdr-client.sock
2026-08-07T13:06:44.714563Z  INFO herdr::client: handshake succeeded version=19 encoding=SemanticFrame
2026-08-07T13:06:46.119932Z  INFO herdr::logging: herdr exiting event="app.shutdown" subsystem="client" outcome="completed" pid=59131
2026-08-07T13:06:55.943125Z  INFO herdr::logging: herdr starting event="app.startup" subsystem="client" outcome="started" pid=59669
2026-08-07T13:06:55.943155Z  INFO herdr::client: connecting to server path=/tmp/herdr-remote-59635-aether-default.sock
2026-08-07T13:06:56.106632Z  INFO herdr::client: handshake succeeded version=19 encoding=TerminalAnsi
2026-08-07T13:17:30.811514Z  INFO herdr::logging: herdr starting event="app.startup" subsystem="client" outcome="started" pid=68896
2026-08-07T13:17:30.811555Z  INFO herdr::client: connecting to server path=/home/loops/.config/herdr/herdr-client.sock
2026-08-07T13:17:31.042575Z  INFO herdr::client: handshake succeeded version=19 encoding=SemanticFrame
